<?xml version="1.0" encoding="utf-8"?><testsuites><testsuite name="pytest" errors="0" failures="0" skipped="0" tests="4" time="1.306" timestamp="2023-11-27T20:21:37.644353" hostname="Alans-MacBook-Pro-2.local"><testcase classname="tests.api.test_api.TestBatchPipeline" name="test_should_failed_unkown_column_1" time="0.009" /><testcase classname="tests.api.test_api.TestBatchPipeline" name="test_should_failed_unkown_column_2" time="0.002" /><testcase classname="tests.api.test_api.TestBatchPipeline" name="test_should_failed_unkown_column_3" time="0.002" /><testcase classname="tests.api.test_api.TestBatchPipeline" name="test_should_get_predict" time="0.003" /></testsuite></testsuites>